

================================================================
== Vivado HLS Report for 'atsc_rx_filter'
================================================================
* Date:           Sun Jun 25 00:32:32 2017

* Version:        2015.4 (Build 1412921 on Wed Nov 18 09:58:55 AM 2015)
* Project:        atsc_rx_filter
* Solution:       solution1
* Product family: kintex7
* Target device:  xc7k410tffg900-2


================================================================
== Performance Estimates
================================================================
+ Timing (ns): 
    * Summary: 
    +--------+-------+----------+------------+
    |  Clock | Target| Estimated| Uncertainty|
    +--------+-------+----------+------------+
    |ap_clk  |   4.67|      4.10|        0.58|
    +--------+-------+----------+------------+

+ Latency (clock cycles): 
    * Summary: 
    +-----+-----+-----+-----+---------+
    |  Latency  |  Interval | Pipeline|
    | min | max | min | max |   Type  |
    +-----+-----+-----+-----+---------+
    |    ?|    ?|    ?|    ?|   none  |
    +-----+-----+-----+-----+---------+

    + Detail: 
        * Instance: 
        +----------------------------------+-----------------------+-----+-----+-----+-----+---------+
        |                                  |                       |  Latency  |  Interval | Pipeline|
        |             Instance             |         Module        | min | max | min | max |   Type  |
        +----------------------------------+-----------------------+-----+-----+-----+-----+---------+
        |grp_atsc_rx_filter_filter_fu_886  |atsc_rx_filter_filter  |    ?|    ?|    ?|    ?|   none  |
        +----------------------------------+-----------------------+-----+-----+-----+-----+---------+

        * Loop: 
        +----------+-----+-----+----------+-----------+-----------+------+----------+
        |          |  Latency  | Iteration|  Initiation Interval  | Trip |          |
        | Loop Name| min | max |  Latency |  achieved |   target  | Count| Pipelined|
        +----------+-----+-----+----------+-----------+-----------+------+----------+
        |- Loop 1  |   30|   30|         1|          -|          -|    31|    no    |
        |- Loop 2  |    ?|    ?|         4|          2|          1|     ?|    yes   |
        +----------+-----+-----+----------+-----------+-----------+------+----------+



================================================================
== Utilization Estimates
================================================================
* Summary: 
+-----------------+---------+-------+--------+--------+
|       Name      | BRAM_18K| DSP48E|   FF   |   LUT  |
+-----------------+---------+-------+--------+--------+
|DSP              |        -|      -|       -|       -|
|Expression       |        -|      -|       0|     646|
|FIFO             |        -|      -|       -|       -|
|Instance         |       10|     22|    8386|    7740|
|Memory           |        6|      -|       0|       0|
|Multiplexer      |        -|      -|       -|     543|
|Register         |        -|      -|     574|       -|
+-----------------+---------+-------+--------+--------+
|Total            |       16|     22|    8960|    8929|
+-----------------+---------+-------+--------+--------+
|Available        |     1590|   1540|  508400|  254200|
+-----------------+---------+-------+--------+--------+
|Utilization (%)  |        1|      1|       1|       3|
+-----------------+---------+-------+--------+--------+

+ Detail: 
    * Instance: 
    +------------------------------------------------+--------------------------------------------+---------+-------+------+------+
    |                    Instance                    |                   Module                   | BRAM_18K| DSP48E|  FF  |  LUT |
    +------------------------------------------------+--------------------------------------------+---------+-------+------+------+
    |atsc_rx_filter_fdiv_32ns_32ns_32_16_U54         |atsc_rx_filter_fdiv_32ns_32ns_32_16         |        0|      0|   761|   800|
    |grp_atsc_rx_filter_filter_fu_886                |atsc_rx_filter_filter                       |       10|     19|  7142|  6427|
    |atsc_rx_filter_fmul_32ns_32ns_32_4_max_dsp_U53  |atsc_rx_filter_fmul_32ns_32ns_32_4_max_dsp  |        0|      3|   143|   139|
    |atsc_rx_filter_sitofp_64ns_32_6_U55             |atsc_rx_filter_sitofp_64ns_32_6             |        0|      0|   340|   374|
    +------------------------------------------------+--------------------------------------------+---------+-------+------+------+
    |Total                                           |                                            |       10|     22|  8386|  7740|
    +------------------------------------------------+--------------------------------------------+---------+-------+------+------+

    * DSP48: 
    N/A

    * Memory: 
    +------------------+-------------------------------+---------+---+----+------+-----+------+-------------+
    |      Memory      |             Module            | BRAM_18K| FF| LUT| Words| Bits| Banks| W*Bits*Banks|
    +------------------+-------------------------------+---------+---+----+------+-----+------+-------------+
    |pfb_in_M_real_U   |atsc_rx_filter_pfb_in_M_real   |        2|  0|   0|    32|   32|     1|         1024|
    |pfb_in_M_imag_U   |atsc_rx_filter_pfb_in_M_real   |        2|  0|   0|    32|   32|     1|         1024|
    |pfb_out_M_real_U  |atsc_rx_filter_pfb_out_M_real  |        1|  0|   0|    61|   32|     1|         1952|
    |pfb_out_M_imag_U  |atsc_rx_filter_pfb_out_M_real  |        1|  0|   0|    61|   32|     1|         1952|
    +------------------+-------------------------------+---------+---+----+------+-----+------+-------------+
    |Total             |                               |        6|  0|   0|   186|  128|     4|         5952|
    +------------------+-------------------------------+---------+---+----+------+-----+------+-------------+

    * FIFO: 
    N/A

    * Expression: 
    +---------------------------+----------+-------+---+-----+------------+------------+
    |       Variable Name       | Operation| DSP48E| FF| LUT | Bitwidth P0| Bitwidth P1|
    +---------------------------+----------+-------+---+-----+------------+------------+
    |i_fu_1303_p2               |     +    |      0|  0|   32|          32|           2|
    |p_sum_fu_1025_p2           |     +    |      0|  0|    5|           5|           1|
    |sh_assign_fu_1089_p2       |     +    |      0|  0|    9|           8|           9|
    |tmp_12_fu_1231_p2          |     +    |      0|  0|   32|           3|          32|
    |p_Val2_9_i_i_i_fu_1172_p2  |     -    |      0|  0|   32|           1|          32|
    |p_neg_fu_1250_p2           |     -    |      0|  0|   32|           1|          32|
    |p_neg_t_fu_1270_p2         |     -    |      0|  0|   32|           1|          32|
    |tmp_43_i_i_i_fu_1103_p2    |     -    |      0|  0|    8|           7|           8|
    |p_Val2_17_fu_1166_p3       |  Select  |      0|  0|   32|           1|          32|
    |p_Val2_19_fu_1178_p3       |  Select  |      0|  0|   32|           1|          32|
    |sh_assign_2_fu_1113_p3     |  Select  |      0|  0|    9|           1|           9|
    |tmp_15_fu_1290_p3          |  Select  |      0|  0|   32|           1|          32|
    |ap_sig_bdd_152             |    and   |      0|  0|    1|           1|           1|
    |ap_sig_bdd_2052            |    and   |      0|  0|    1|           1|           1|
    |ap_sig_bdd_2054            |    and   |      0|  0|    1|           1|           1|
    |tmp_13_fu_1237_p2          |   icmp   |      0|  0|   11|          32|          32|
    |tmp_fu_1037_p2             |   icmp   |      0|  0|    2|           5|           3|
    |val_assign_fu_1298_p2      |   icmp   |      0|  0|   11|          32|          32|
    |tmp_45_i_i_i_fu_1133_p2    |   lshr   |      0|  0|   65|          24|          24|
    |tmp_47_i_i_i_fu_1139_p2    |    shl   |      0|  0|  267|          78|          78|
    +---------------------------+----------+-------+---+-----+------------+------------+
    |Total                      |          |      0|  0|  646|         236|         425|
    +---------------------------+----------+-------+---+-----+------------+------------+

    * Multiplexer: 
    +---------------------------+-----+-----------+-----+-----------+
    |            Name           | LUT | Input Size| Bits| Total Bits|
    +---------------------------+-----+-----------+-----+-----------+
    |ap_NS_fsm                  |  182|         81|    1|         81|
    |ap_sig_ioackin_out_TREADY  |    1|          2|    1|          2|
    |i1_phi_fu_879_p4           |   32|          2|   32|         64|
    |i1_reg_875                 |   32|          2|   32|         64|
    |out_TDATA                  |   32|          3|   32|         96|
    |out_TLAST                  |    1|          3|    1|          3|
    |p_rec1_reg_864             |    5|          2|    5|         10|
    |pfb_d_acc                  |   32|          2|   32|         64|
    |pfb_d_last_filter          |   32|          2|   32|         64|
    |pfb_in_M_imag_address0     |   55|         36|    5|        180|
    |pfb_in_M_imag_ce0          |    1|          3|    1|          3|
    |pfb_in_M_imag_ce1          |    1|          2|    1|          2|
    |pfb_in_M_imag_d0           |   32|          3|   32|         96|
    |pfb_in_M_real_address0     |   55|         36|    5|        180|
    |pfb_in_M_real_ce0          |    1|          3|    1|          3|
    |pfb_in_M_real_ce1          |    1|          2|    1|          2|
    |pfb_in_M_real_d0           |   32|          4|   32|        128|
    |pfb_out_M_imag_address0    |    6|          3|    6|         18|
    |pfb_out_M_imag_ce0         |    1|          3|    1|          3|
    |pfb_out_M_imag_we0         |    1|          2|    1|          2|
    |pfb_out_M_real_address0    |    6|          3|    6|         18|
    |pfb_out_M_real_ce0         |    1|          3|    1|          3|
    |pfb_out_M_real_we0         |    1|          2|    1|          2|
    +---------------------------+-----+-----------+-----+-----------+
    |Total                      |  543|        204|  262|       1088|
    +---------------------------+-----+-----------+-----+-----------+

    * Register: 
    +--------------------------------------------------------+----+----+-----+-----------+
    |                          Name                          | FF | LUT| Bits| Const Bits|
    +--------------------------------------------------------+----+----+-----+-----------+
    |acc_hist                                                |  32|   0|   32|          0|
    |ap_CS_fsm                                               |  80|   0|   80|          0|
    |ap_reg_ioackin_out_TREADY                               |   1|   0|    1|          0|
    |ap_reg_ppiten_pp0_it0                                   |   1|   0|    1|          0|
    |ap_reg_ppiten_pp0_it1                                   |   1|   0|    1|          0|
    |ap_reg_ppstg_tmp_13_reg_1392_pp0_it1                    |   1|   0|    1|          0|
    |ap_reg_ppstg_val_assign_reg_1401_pp0_it1                |   1|   0|    1|          0|
    |grp_atsc_rx_filter_filter_fu_886_ap_start_ap_start_reg  |   1|   0|    1|          0|
    |i1_reg_875                                              |  32|   0|   32|          0|
    |i_reg_1406                                              |  32|   0|   32|          0|
    |in_data_val_reg_1332                                    |  32|   0|   32|          0|
    |isNeg_reg_1352                                          |   1|   0|    1|          0|
    |n_out_reg_1367                                          |  32|   0|   32|          0|
    |p_Result_s_reg_1347                                     |   1|   0|    1|          0|
    |p_rec1_reg_864                                          |   5|   0|    5|          0|
    |pfb_d_acc                                               |  32|   0|   32|          0|
    |pfb_d_last_filter                                       |  32|   0|   32|          0|
    |pfb_in_M_imag_addr_reg_1319                             |   0|   0|    5|          5|
    |pfb_in_M_real_addr_reg_1314                             |   0|   0|    5|          5|
    |pfb_out_M_imag_load_reg_1421                            |  32|   0|   32|          0|
    |ph                                                      |  32|   0|   32|          0|
    |tmp_12_reg_1387                                         |  31|   0|   32|          1|
    |tmp_13_reg_1392                                         |   1|   0|    1|          0|
    |tmp_15_reg_1396                                         |  32|   0|   32|          0|
    |tmp_17_reg_1362                                         |  32|   0|   32|          0|
    |tmp_30_reg_1357                                         |   1|   0|    1|          0|
    |tmp_31_reg_1382                                         |  31|   0|   32|          1|
    |tmp_i_reg_1377                                          |  32|   0|   32|          0|
    |val_assign_reg_1401                                     |   1|   0|    1|          0|
    |x_assign_reg_1342                                       |  32|   0|   32|          0|
    +--------------------------------------------------------+----+----+-----+-----------+
    |Total                                                   | 574|   0|  586|         12|
    +--------------------------------------------------------+----+----+-----+-----------+



================================================================
== Interface
================================================================
* Summary: 
+------------+-----+-----+--------------+----------------+--------------+
|  RTL Ports | Dir | Bits|   Protocol   |  Source Object |    C Type    |
+------------+-----+-----+--------------+----------------+--------------+
|ap_clk      |  in |    1| ap_ctrl_none | atsc_rx_filter | return value |
|ap_rst_n    |  in |    1| ap_ctrl_none | atsc_rx_filter | return value |
|in_TDATA    |  in |   32|     axis     |     in_data    |    pointer   |
|in_TVALID   |  in |    1|     axis     |     in_data    |    pointer   |
|in_TREADY   | out |    1|     axis     |    in_last_V   |    pointer   |
|in_TLAST    |  in |    1|     axis     |    in_last_V   |    pointer   |
|out_TDATA   | out |   32|     axis     |    out_data    |    pointer   |
|out_TVALID  | out |    1|     axis     |   out_last_V   |    pointer   |
|out_TREADY  |  in |    1|     axis     |   out_last_V   |    pointer   |
|out_TLAST   | out |    1|     axis     |   out_last_V   |    pointer   |
+------------+-----+-----+--------------+----------------+--------------+

