

================================================================
== Vivado HLS Report for 'atsc_rx_filter_fpll'
================================================================
* Date:           Sun Jun 25 00:40:35 2017

* Version:        2015.4 (Build 1412921 on Wed Nov 18 09:58:55 AM 2015)
* Project:        atsc_rx_filter_fpll
* Solution:       solution1
* Product family: kintex7
* Target device:  xc7k410tffg900-2


================================================================
== Performance Estimates
================================================================
+ Timing (ns): 
    * Summary: 
    +--------+-------+----------+------------+
    |  Clock | Target| Estimated| Uncertainty|
    +--------+-------+----------+------------+
    |ap_clk  |   4.67|      4.33|        0.58|
    +--------+-------+----------+------------+

+ Latency (clock cycles): 
    * Summary: 
    +-----+-----+-----+-----+---------+
    |  Latency  |  Interval | Pipeline|
    | min | max | min | max |   Type  |
    +-----+-----+-----+-----+---------+
    |    ?|    ?|    ?|    ?|   none  |
    +-----+-----+-----+-----+---------+

    + Detail: 
        * Instance: 
        +---------------------------------------+----------------------------+-----+-----+-----+-----+---------+
        |                                       |                            |  Latency  |  Interval | Pipeline|
        |                Instance               |           Module           | min | max | min | max |   Type  |
        +---------------------------------------+----------------------------+-----+-----+-----+-----+---------+
        |grp_atsc_rx_filter_fpll_work_fu_346    |atsc_rx_filter_fpll_work    |    ?|    ?|    ?|    ?|   none  |
        |grp_atsc_rx_filter_fpll_filter_fu_370  |atsc_rx_filter_fpll_filter  |    ?|    ?|    ?|    ?|   none  |
        +---------------------------------------+----------------------------+-----+-----+-----+-----+---------+

        * Loop: 
        +----------+-----+-----+----------+-----------+-----------+------+----------+
        |          |  Latency  | Iteration|  Initiation Interval  | Trip |          |
        | Loop Name| min | max |  Latency |  achieved |   target  | Count| Pipelined|
        +----------+-----+-----+----------+-----------+-----------+------+----------+
        |- Loop 1  |   30|   30|         1|          -|          -|    31|    no    |
        |- Loop 2  |   59|   59|         1|          -|          -|    60|    no    |
        |- Loop 3  |   64|   64|         2|          2|          1|    32|    yes   |
        |- Loop 4  |    ?|    ?|         ?|          -|          -|     ?|    no    |
        +----------+-----+-----+----------+-----------+-----------+------+----------+



================================================================
== Utilization Estimates
================================================================
* Summary: 
+-----------------+---------+-------+--------+--------+
|       Name      | BRAM_18K| DSP48E|   FF   |   LUT  |
+-----------------+---------+-------+--------+--------+
|DSP              |        -|      -|       -|       -|
|Expression       |        -|      -|       0|     563|
|FIFO             |        -|      -|       -|       -|
|Instance         |        6|    122|  118941|  179278|
|Memory           |        4|      -|       0|       0|
|Multiplexer      |        -|      -|       -|     452|
|Register         |        -|      -|     693|       -|
+-----------------+---------+-------+--------+--------+
|Total            |       10|    122|  119634|  180293|
+-----------------+---------+-------+--------+--------+
|Available        |     1590|   1540|  508400|  254200|
+-----------------+---------+-------+--------+--------+
|Utilization (%)  |    ~0   |      7|      23|      70|
+-----------------+---------+-------+--------+--------+

+ Detail: 
    * Instance: 
    +------------------------------------------------------+-------------------------------------------------+---------+-------+-------+--------+
    |                       Instance                       |                      Module                     | BRAM_18K| DSP48E|   FF  |   LUT  |
    +------------------------------------------------------+-------------------------------------------------+---------+-------+-------+--------+
    |atsc_rx_filter_fpll_ddiv_64ns_64ns_64_43_U143         |atsc_rx_filter_fpll_ddiv_64ns_64ns_64_43         |        0|      0|   3217|    3314|
    |atsc_rx_filter_fpll_fdiv_32ns_32ns_32_16_U139         |atsc_rx_filter_fpll_fdiv_32ns_32ns_32_16         |        0|      0|    761|     800|
    |grp_atsc_rx_filter_fpll_filter_fu_370                 |atsc_rx_filter_fpll_filter                       |        6|     48|  14299|   12207|
    |atsc_rx_filter_fpll_fmul_32ns_32ns_32_4_max_dsp_U138  |atsc_rx_filter_fpll_fmul_32ns_32ns_32_4_max_dsp  |        0|      3|    143|     139|
    |atsc_rx_filter_fpll_fpext_32ns_64_1_U142              |atsc_rx_filter_fpll_fpext_32ns_64_1              |        0|      0|    100|     138|
    |atsc_rx_filter_fpll_fptrunc_64ns_32_1_U141            |atsc_rx_filter_fpll_fptrunc_64ns_32_1            |        0|      0|    128|      94|
    |atsc_rx_filter_fpll_sitofp_64ns_32_6_U140             |atsc_rx_filter_fpll_sitofp_64ns_32_6             |        0|      0|    340|     374|
    |grp_atsc_rx_filter_fpll_work_fu_346                   |atsc_rx_filter_fpll_work                         |        0|     71|  99953|  162212|
    +------------------------------------------------------+-------------------------------------------------+---------+-------+-------+--------+
    |Total                                                 |                                                 |        6|    122| 118941|  179278|
    +------------------------------------------------------+-------------------------------------------------+---------+-------+-------+--------+

    * DSP48: 
    N/A

    * Memory: 
    +------------------+------------------------------------+---------+---+----+------+-----+------+-------------+
    |      Memory      |               Module               | BRAM_18K| FF| LUT| Words| Bits| Banks| W*Bits*Banks|
    +------------------+------------------------------------+---------+---+----+------+-----+------+-------------+
    |pfb_in_M_real_U   |atsc_rx_filter_fpll_pfb_in_M_real   |        1|  0|   0|    32|   32|     1|         1024|
    |pfb_in_M_imag_U   |atsc_rx_filter_fpll_pfb_in_M_real   |        1|  0|   0|    32|   32|     1|         1024|
    |pfb_out_M_real_U  |atsc_rx_filter_fpll_pfb_out_M_real  |        1|  0|   0|    61|   32|     1|         1952|
    |pfb_out_M_imag_U  |atsc_rx_filter_fpll_pfb_out_M_real  |        1|  0|   0|    61|   32|     1|         1952|
    +------------------+------------------------------------+---------+---+----+------+-----+------+-------------+
    |Total             |                                    |        4|  0|   0|   186|  128|     4|         5952|
    +------------------+------------------------------------+---------+---+----+------+-----+------+-------------+

    * FIFO: 
    N/A

    * Expression: 
    +-------------------------+----------+-------+---+-----+------------+------------+
    |      Variable Name      | Operation| DSP48E| FF| LUT | Bitwidth P0| Bitwidth P1|
    +-------------------------+----------+-------+---+-----+------------+------------+
    |i_4_fu_477_p2            |     +    |      0|  0|    7|           7|           2|
    |i_5_fu_685_p2            |     +    |      0|  0|   31|          31|           1|
    |p_sum1_fu_441_p2         |     +    |      0|  0|    6|           6|           1|
    |p_sum_fu_423_p2          |     +    |      0|  0|    5|           5|           1|
    |sh_assign_fu_534_p2      |     +    |      0|  0|    9|           8|           9|
    |tmp_41_fu_671_p2         |     +    |      0|  0|   32|           2|          32|
    |p_Val2_i_i_i_fu_617_p2   |     -    |      0|  0|   32|           1|          32|
    |tmp_161_i_i_i_fu_548_p2  |     -    |      0|  0|    8|           7|           8|
    |p_Val2_55_fu_611_p3      |  Select  |      0|  0|   32|           1|          32|
    |p_Val2_57_fu_623_p3      |  Select  |      0|  0|   32|           1|          32|
    |sh_assign_6_fu_558_p3    |  Select  |      0|  0|    9|           1|           9|
    |ap_sig_bdd_142           |    and   |      0|  0|    1|           1|           1|
    |tmp_44_fu_680_p2         |   icmp   |      0|  0|   11|          32|          32|
    |tmp_fu_435_p2            |   icmp   |      0|  0|    2|           5|           3|
    |tmp_s_fu_453_p2          |   icmp   |      0|  0|    3|           6|           4|
    |val_assign_fu_697_p2     |   icmp   |      0|  0|   11|          32|          32|
    |tmp_163_i_i_i_fu_578_p2  |   lshr   |      0|  0|   65|          24|          24|
    |tmp_165_i_i_i_fu_584_p2  |    shl   |      0|  0|  267|          78|          78|
    +-------------------------+----------+-------+---+-----+------------+------------+
    |Total                    |          |      0|  0|  563|         248|         333|
    +-------------------------+----------+-------+---+-----+------------+------------+

    * Multiplexer: 
    +---------------------------+-----+-----------+-----+-----------+
    |            Name           | LUT | Input Size| Bits| Total Bits|
    +---------------------------+-----+-----------+-----+-----------+
    |ap_NS_fsm                  |  182|         83|    1|         83|
    |ap_sig_ioackin_out_TREADY  |    1|          2|    1|          2|
    |i1_reg_335                 |   31|          2|   31|         62|
    |i_reg_324                  |    7|          2|    7|         14|
    |p_rec1_reg_302             |    5|          2|    5|         10|
    |p_rec_reg_313              |    6|          2|    6|         12|
    |pfb_d_acc                  |   32|          2|   32|         64|
    |pfb_d_last_filter          |   32|          2|   32|         64|
    |pfb_in_M_imag_address0     |    5|          5|    5|         25|
    |pfb_in_M_imag_ce0          |    1|          3|    1|          3|
    |pfb_in_M_imag_d0           |   32|          3|   32|         96|
    |pfb_in_M_real_address0     |    5|          5|    5|         25|
    |pfb_in_M_real_ce0          |    1|          3|    1|          3|
    |pfb_in_M_real_d0           |   32|          3|   32|         96|
    |pfb_out_M_imag_address0    |    6|          5|    6|         30|
    |pfb_out_M_imag_ce0         |    1|          3|    1|          3|
    |pfb_out_M_imag_d0          |   32|          3|   32|         96|
    |pfb_out_M_imag_we0         |    1|          3|    1|          3|
    |pfb_out_M_real_address0    |    6|          5|    6|         30|
    |pfb_out_M_real_ce0         |    1|          3|    1|          3|
    |pfb_out_M_real_d0          |   32|          3|   32|         96|
    |pfb_out_M_real_we0         |    1|          3|    1|          3|
    +---------------------------+-----+-----------+-----+-----------+
    |Total                      |  452|        147|  271|        823|
    +---------------------------+-----+-----------+-----+-----------+

    * Register: 
    +-------------------------------------------------------------+----+----+-----+-----------+
    |                             Name                            | FF | LUT| Bits| Const Bits|
    +-------------------------------------------------------------+----+----+-----+-----------+
    |acc_hist                                                     |  32|   0|   32|          0|
    |ap_CS_fsm                                                    |  82|   0|   82|          0|
    |ap_reg_ioackin_out_TREADY                                    |   1|   0|    1|          0|
    |grp_atsc_rx_filter_fpll_filter_fu_370_ap_start_ap_start_reg  |   1|   0|    1|          0|
    |grp_atsc_rx_filter_fpll_work_fu_346_ap_start_ap_start_reg    |   1|   0|    1|          0|
    |i1_reg_335                                                   |  31|   0|   31|          0|
    |i_4_reg_732                                                  |   7|   0|    7|          0|
    |i_5_reg_791                                                  |  31|   0|   31|          0|
    |i_reg_324                                                    |   7|   0|    7|          0|
    |in_data_val_reg_722                                          |  32|   0|   32|          0|
    |isNeg_reg_752                                                |   1|   0|    1|          0|
    |n_out_reg_767                                                |  32|   0|   32|          0|
    |p_Result_s_reg_747                                           |   1|   0|    1|          0|
    |p_lshr_f_cast_reg_727                                        |   5|   0|    5|          0|
    |p_rec1_reg_302                                               |   5|   0|    5|          0|
    |p_rec_reg_313                                                |   6|   0|    6|          0|
    |pfb_d_acc                                                    |  32|   0|   32|          0|
    |pfb_d_last_filter                                            |  32|   0|   32|          0|
    |pfb_out_M_imag_load_reg_816                                  |  32|   0|   32|          0|
    |pfb_out_M_real_load_reg_811                                  |  32|   0|   32|          0|
    |ph                                                           |  32|   0|   32|          0|
    |tmp_29_reg_762                                               |  32|   0|   32|          0|
    |tmp_41_reg_783                                               |  32|   0|   32|          0|
    |tmp_47_reg_821                                               |  64|   0|   64|          0|
    |tmp_48_reg_826                                               |  64|   0|   64|          0|
    |tmp_74_reg_757                                               |   1|   0|    1|          0|
    |tmp_i_reg_778                                                |  32|   0|   32|          0|
    |val_assign_reg_806                                           |   1|   0|    1|          0|
    |x_assign_reg_742                                             |  32|   0|   32|          0|
    +-------------------------------------------------------------+----+----+-----+-----------+
    |Total                                                        | 693|   0|  693|          0|
    +-------------------------------------------------------------+----+----+-----+-----------+



================================================================
== Interface
================================================================
* Summary: 
+------------+-----+-----+--------------+---------------------+--------------+
|  RTL Ports | Dir | Bits|   Protocol   |    Source Object    |    C Type    |
+------------+-----+-----+--------------+---------------------+--------------+
|ap_clk      |  in |    1| ap_ctrl_none | atsc_rx_filter_fpll | return value |
|ap_rst_n    |  in |    1| ap_ctrl_none | atsc_rx_filter_fpll | return value |
|in_TDATA    |  in |   32|     axis     |       in_data       |    pointer   |
|in_TVALID   |  in |    1|     axis     |       in_data       |    pointer   |
|in_TREADY   | out |    1|     axis     |      in_last_V      |    pointer   |
|in_TLAST    |  in |    1|     axis     |      in_last_V      |    pointer   |
|out_TDATA   | out |   32|     axis     |       out_data      |    pointer   |
|out_TVALID  | out |    1|     axis     |      out_last_V     |    pointer   |
|out_TREADY  |  in |    1|     axis     |      out_last_V     |    pointer   |
|out_TLAST   | out |    1|     axis     |      out_last_V     |    pointer   |
+------------+-----+-----+--------------+---------------------+--------------+

