

================================================================
== Vivado HLS Report for 'agc'
================================================================
* Date:           Mon Jul  3 23:33:49 2017

* Version:        2015.4 (Build 1412921 on Wed Nov 18 09:58:55 AM 2015)
* Project:        agc
* Solution:       solution1
* Product family: kintex7
* Target device:  xc7k410tffg900-2


================================================================
== Performance Estimates
================================================================
+ Timing (ns): 
    * Summary: 
    +--------+-------+----------+------------+
    |  Clock | Target| Estimated| Uncertainty|
    +--------+-------+----------+------------+
    |ap_clk  |   4.67|      3.79|        0.58|
    +--------+-------+----------+------------+

+ Latency (clock cycles): 
    * Summary: 
    +-----+-----+-----+-----+---------+
    |  Latency  |  Interval | Pipeline|
    | min | max | min | max |   Type  |
    +-----+-----+-----+-----+---------+
    |    5|    5|    6|    6|   none  |
    +-----+-----+-----+-----+---------+

    + Detail: 
        * Instance: 
        N/A

        * Loop: 
        N/A



================================================================
== Utilization Estimates
================================================================
* Summary: 
+-----------------+---------+-------+--------+--------+
|       Name      | BRAM_18K| DSP48E|   FF   |   LUT  |
+-----------------+---------+-------+--------+--------+
|DSP              |        -|      -|       -|       -|
|Expression       |        -|      -|       0|      45|
|FIFO             |        -|      -|       -|       -|
|Instance         |        -|      5|     505|     450|
|Memory           |        -|      -|       -|       -|
|Multiplexer      |        -|      -|       -|     132|
|Register         |        -|      -|     135|       -|
+-----------------+---------+-------+--------+--------+
|Total            |        0|      5|     640|     627|
+-----------------+---------+-------+--------+--------+
|Available        |     1590|   1540|  508400|  254200|
+-----------------+---------+-------+--------+--------+
|Utilization (%)  |        0|   ~0  |   ~0   |   ~0   |
+-----------------+---------+-------+--------+--------+

+ Detail: 
    * Instance: 
    +-----------------------------------------+--------------------------------------+---------+-------+-----+-----+
    |                 Instance                |                Module                | BRAM_18K| DSP48E|  FF | LUT |
    +-----------------------------------------+--------------------------------------+---------+-------+-----+-----+
    |agc_faddfsub_32ns_32ns_32_1_full_dsp_U1  |agc_faddfsub_32ns_32ns_32_1_full_dsp  |        0|      2|  296|  239|
    |agc_fcmp_32ns_32ns_1_1_U3                |agc_fcmp_32ns_32ns_1_1                |        0|      0|   66|   72|
    |agc_fmul_32ns_32ns_32_1_max_dsp_U2       |agc_fmul_32ns_32ns_32_1_max_dsp       |        0|      3|  143|  139|
    +-----------------------------------------+--------------------------------------+---------+-------+-----+-----+
    |Total                                    |                                      |        0|      5|  505|  450|
    +-----------------------------------------+--------------------------------------+---------+-------+-----+-----+

    * DSP48: 
    N/A

    * Memory: 
    N/A

    * FIFO: 
    N/A

    * Expression: 
    +--------------------------+----------+-------+---+----+------------+------------+
    |       Variable Name      | Operation| DSP48E| FF| LUT| Bitwidth P0| Bitwidth P1|
    +--------------------------+----------+-------+---+----+------------+------------+
    |agc_gain_new_i_fu_176_p3  |  Select  |      0|  0|  32|           1|          31|
    |tmp_5_fu_171_p2           |    and   |      0|  0|   1|           1|           1|
    |notlhs_fu_153_p2          |   icmp   |      0|  0|   3|           8|           2|
    |notrhs_fu_159_p2          |   icmp   |      0|  0|   8|          23|           1|
    |tmp_3_fu_165_p2           |    or    |      0|  0|   1|           1|           1|
    +--------------------------+----------+-------+---+----+------------+------------+
    |Total                     |          |      0|  0|  45|          34|          36|
    +--------------------------+----------+-------+---+----+------------+------------+

    * Multiplexer: 
    +---------------------------+----+-----------+-----+-----------+
    |            Name           | LUT| Input Size| Bits| Total Bits|
    +---------------------------+----+-----------+-----+-----------+
    |ap_NS_fsm                  |   1|          7|    1|          7|
    |ap_sig_ioackin_out_TREADY  |   1|          2|    1|          2|
    |grp_fu_78_opcode           |   2|          3|    2|          6|
    |grp_fu_78_p0               |  32|          3|   32|         96|
    |grp_fu_78_p1               |  32|          3|   32|         96|
    |grp_fu_83_p0               |  32|          3|   32|         96|
    |grp_fu_83_p1               |  32|          3|   32|         96|
    +---------------------------+----+-----------+-----+-----------+
    |Total                      | 132|         24|  132|        399|
    +---------------------------+----+-----------+-----+-----------+

    * Register: 
    +---------------------------+----+----+-----+-----------+
    |            Name           | FF | LUT| Bits| Const Bits|
    +---------------------------+----+----+-----+-----------+
    |agc_gain                   |  32|   0|   32|          0|
    |ap_CS_fsm                  |   6|   0|    6|          0|
    |ap_reg_ioackin_out_TREADY  |   1|   0|    1|          0|
    |prod_reg_200               |  32|   0|   32|          0|
    |reg_94                     |  32|   0|   32|          0|
    |tmp_4_reg_205              |   1|   0|    1|          0|
    |tmp_reg_195                |  31|   0|   31|          0|
    +---------------------------+----+----+-----+-----------+
    |Total                      | 135|   0|  135|          0|
    +---------------------------+----+----+-----+-----------+



================================================================
== Interface
================================================================
* Summary: 
+------------+-----+-----+--------------+--------------+--------------+
|  RTL Ports | Dir | Bits|   Protocol   | Source Object|    C Type    |
+------------+-----+-----+--------------+--------------+--------------+
|ap_clk      |  in |    1| ap_ctrl_none |      agc     | return value |
|ap_rst_n    |  in |    1| ap_ctrl_none |      agc     | return value |
|in_TDATA    |  in |   32|     axis     |    in_data   |    pointer   |
|in_TVALID   |  in |    1|     axis     |    in_data   |    pointer   |
|in_TREADY   | out |    1|     axis     |   in_last_V  |    pointer   |
|in_TLAST    |  in |    1|     axis     |   in_last_V  |    pointer   |
|out_TDATA   | out |   32|     axis     |   out_data   |    pointer   |
|out_TVALID  | out |    1|     axis     |  out_last_V  |    pointer   |
|out_TREADY  |  in |    1|     axis     |  out_last_V  |    pointer   |
|out_TLAST   | out |    1|     axis     |  out_last_V  |    pointer   |
+------------+-----+-----+--------------+--------------+--------------+

